// Jest Snapshot v1, https://goo.gl/fbAQLP

exports[`CHANGE_LOCATION 1`] = `
Object {
  "location": "test",
}
`;
